// Jest Snapshot v1, https://goo.gl/fbAQLP

exports[`<MenuHeader /> Should render a logo 1`] = `
<Memo(ForwardRef(Pane))
  className="container"
>
  <CFALogo
    className="logo"
  />
  <span
    className="productName"
  >
    CFA
  </span>
  <Link
    className="item active"
    to="/"
  >
    Dashboard
  </Link>
  <a
    className="item"
    href="https://docs.continuousauth.dev"
    target="_blank"
  >
    Documentation
  </a>
  <div
    className="item warning"
  >
    <Memo(ForwardRef(WarningSignIcon))
      color="warning"
      marginRight={8}
    />
    CFA is open-source and does not have formal support
  </div>
  <Memo(ForwardRef(Pane))
    className="right"
  >
    <Memo(ForwardRef(Avatar))
      isSolid={true}
      name="?"
      size={24}
    />
    <span>
      ?
    </span>
  </Memo(ForwardRef(Pane))>
  <span />
</Memo(ForwardRef(Pane))>
`;
