// Jest Snapshot v1, https://goo.gl/fbAQLP

exports[`<ProjectSecret /> Should render a disabled input 1`] = `
<withTheme(Pane)>
  <withTheme(Heading)>
    Project Secret
  </withTheme(Heading)>
  <withTheme(Pane)
    className="inputContainer"
  >
    <withTheme(TextInput)
      className="input"
      disabled={true}
      value="••••••••••••••••••••••••••••••••••••••••••••••••••"
    />
    <withTheme(Button)
      className="button"
      intent="danger"
      onClick={[Function]}
    >
      Show
    </withTheme(Button)>
  </withTheme(Pane)>
</withTheme(Pane)>
`;
