// Jest Snapshot v1, https://goo.gl/fbAQLP

exports[`<ProjectSecret /> Should render a disabled input 1`] = `
<Memo(ForwardRef(Pane))>
  <Memo(ForwardRef(Heading))>
    Project Secret
  </Memo(ForwardRef(Heading))>
  <Memo(ForwardRef(Pane))
    className="inputContainer"
  >
    <Memo(ForwardRef(TextInput))
      className="input"
      disabled={true}
      value="••••••••••••••••••••••••••••••••••••••••••••••••••"
    />
    <Memo(ForwardRef(Button))
      className="button"
      intent="danger"
      onClick={[Function]}
    >
      Show
    </Memo(ForwardRef(Button))>
  </Memo(ForwardRef(Pane))>
</Memo(ForwardRef(Pane))>
`;
