// Jest Snapshot v1, https://goo.gl/fbAQLP

exports[`<CircleCIRequesterConfig /> Should render a GenericAccessTokenRequesterConfig 1`] = `
<GenericAccessTokenRequesterConfig
  originalAccessToken=""
  project={
    {
      "defaultBranch": "main",
      "enabled": true,
      "id": "123",
      "repoName": "my-repo",
      "repoOwner": "my-owner",
      "requester_circleCI": null,
      "requester_travisCI": null,
      "responder_slack": null,
      "secret": "my_secret",
    }
  }
  requesterName="Circle CI"
  setProject={[Function]}
  slug="circleci"
>
  <Memo(ForwardRef(Heading))
    marginBottom={8}
    size={400}
  >
    Circle CI Access Token
  </Memo(ForwardRef(Heading))>
  <Memo(ForwardRef(Paragraph))
    marginBottom={4}
  >
    You can generate an access token in your
     
    <a
      href="https://app.circleci.com/settings/project/github/my-owner/my-repo/api"
      rel="noreferrer noopener"
      target="_blank"
    >
      Circle CI Project Settings
    </a>
    . The token must have the "All" scope.
  </Memo(ForwardRef(Paragraph))>
</GenericAccessTokenRequesterConfig>
`;
