// Jest Snapshot v1, https://goo.gl/fbAQLP

exports[`<GenericAccessTokenRequesterConfig /> Should render a TextInput for the access token 1`] = `
<Memo(ForwardRef(Pane))>
  <Memo(ForwardRef(Pane))>
    <p>
      Children
    </p>
    <Memo(ForwardRef(TextInput))
      disabled={false}
      onChange={[Function]}
      type="password"
      value=""
    />
  </Memo(ForwardRef(Pane))>
</Memo(ForwardRef(Pane))>
`;
